[    0.000000] Linux version 4.15.0-212-generic (buildd@lcy02-amd64-083) (gcc version 7.5.0 (Ubuntu 7.5.0-3ubuntu1~18.04)) #223-Ubuntu SMP Tue May 23 13:09:22 UTC 2023 (Ubuntu 4.15.0-212.223-generic 4.15.18)
[    0.000000] Command line: BOOT_IMAGE=/boot/vmlinuz-4.15.0-212-generic root=LABEL=cloudimg-rootfs ro console=tty1 console=ttyS0
[    0.000000] KERNEL supported cpus:
[    0.000000]   Intel GenuineIntel
[    0.000000]   AMD AuthenticAMD
[    0.000000]   Centaur CentaurHauls
[    0.000000] [Firmware Bug]: TSC doesn't count with P0 frequency!
[    0.000000] x86/fpu: x87 FPU will use FXSAVE
[    0.000000] e820: BIOS-provided physical RAM map:
[    0.000000] BIOS-e820: [mem 0x0000000000000000-0x000000000009fbff] usable
[    0.000000] BIOS-e820: [mem 0x000000000009fc00-0x000000000009ffff] reserved
[    0.000000] BIOS-e820: [mem 0x00000000000f0000-0x00000000000fffff] reserved
[    0.000000] BIOS-e820: [mem 0x0000000000100000-0x000000003ffeffff] usable
[    0.000000] BIOS-e820: [mem 0x000000003fff0000-0x000000003fffffff] ACPI data
[    0.000000] BIOS-e820: [mem 0x00000000fec00000-0x00000000fec00fff] reserved
[    0.000000] BIOS-e820: [mem 0x00000000fee00000-0x00000000fee00fff] reserved
[    0.000000] BIOS-e820: [mem 0x00000000fffc0000-0x00000000ffffffff] reserved
[    0.000000] NX (Execute Disable) protection: active
[    0.000000] SMBIOS 2.5 present.
[    0.000000] DMI: innotek GmbH VirtualBox/VirtualBox, BIOS VirtualBox 12/01/2006
[    0.000000] Hypervisor detected: KVM
[    0.000000] e820: last_pfn = 0x3fff0 max_arch_pfn = 0x400000000
[    0.000000] MTRR: Disabled
[    0.000000] x86/PAT: MTRRs disabled, skipping PAT initialization too.
[    0.000000] CPU MTRRs all blank - virtualized system.
[    0.000000] x86/PAT: Configuration [0-7]: WB  WT  UC- UC  WB  WT  UC- UC  
[    0.000000] found SMP MP-table at [mem 0x0009fff0-0x0009ffff]
[    0.000000] Scanning 1 areas for low memory corruption
[    0.000000] RAMDISK: [mem 0x359cb000-0x36cdcfff]
[    0.000000] ACPI: Early table checksum verification disabled
[    0.000000] ACPI: RSDP 0x00000000000E0000 000024 (v02 VBOX  )
[    0.000000] ACPI: XSDT 0x000000003FFF0030 00003C (v01 VBOX   VBOXXSDT 00000001 ASL  00000061)
[    0.000000] ACPI: FACP 0x000000003FFF00F0 0000F4 (v04 VBOX   VBOXFACP 00000001 ASL  00000061)
[    0.000000] ACPI: DSDT 0x000000003FFF0610 002353 (v02 VBOX   VBOXBIOS 00000002 INTL 20100528)
[    0.000000] ACPI: FACS 0x000000003FFF0200 000040
[    0.000000] ACPI: FACS 0x000000003FFF0200 000040
[    0.000000] ACPI: APIC 0x000000003FFF0240 00005C (v02 VBOX   VBOXAPIC 00000001 ASL  00000061)
[    0.000000] ACPI: SSDT 0x000000003FFF02A0 00036C (v01 VBOX   VBOXCPUT 00000002 INTL 20100528)
[    0.000000] ACPI: Reserving FACP table memory at [mem 0x3fff00f0-0x3fff01e3]
[    0.000000] ACPI: Reserving DSDT table memory at [mem 0x3fff0610-0x3fff2962]
[    0.000000] ACPI: Reserving FACS table memory at [mem 0x3fff0200-0x3fff023f]
[    0.000000] ACPI: Reserving FACS table memory at [mem 0x3fff0200-0x3fff023f]
[    0.000000] ACPI: Reserving APIC table memory at [mem 0x3fff0240-0x3fff029b]
[    0.000000] ACPI: Reserving SSDT table memory at [mem 0x3fff02a0-0x3fff060b]
[    0.000000] No NUMA configuration found
[    0.000000] Faking a node at [mem 0x0000000000000000-0x000000003ffeffff]
[    0.000000] NODE_DATA(0) allocated [mem 0x3ffc5000-0x3ffeffff]
[    0.000000] kvm-clock: cpu 0, msr 0:3ff44001, primary cpu clock
[    0.000000] kvm-clock: Using msrs 4b564d01 and 4b564d00
[    0.000000] kvm-clock: using sched offset of 4023663770 cycles
[    0.000000] clocksource: kvm-clock: mask: 0xffffffffffffffff max_cycles: 0x1cd42e4dffb, max_idle_ns: 881590591483 ns
[    0.000000] Zone ranges:
[    0.000000]   DMA      [mem 0x0000000000001000-0x0000000000ffffff]
[    0.000000]   DMA32    [mem 0x0000000001000000-0x000000003ffeffff]
[    0.000000]   Normal   empty
[    0.000000]   Device   empty
[    0.000000] Movable zone start for each node
[    0.000000] Early memory node ranges
[    0.000000]   node   0: [mem 0x0000000000001000-0x000000000009efff]
[    0.000000]   node   0: [mem 0x0000000000100000-0x000000003ffeffff]
[    0.000000] Reserved but unavailable: 104 pages
[    0.000000] Initmem setup node 0 [mem 0x0000000000001000-0x000000003ffeffff]
[    0.000000] ACPI: PM-Timer IO Port: 0x4008
[    0.000000] IOAPIC[0]: apic_id 2, version 32, address 0xfec00000, GSI 0-23
[    0.000000] ACPI: INT_SRC_OVR (bus 0 bus_irq 0 global_irq 2 dfl dfl)
[    0.000000] ACPI: INT_SRC_OVR (bus 0 bus_irq 9 global_irq 9 low level)
[    0.000000] Using ACPI (MADT) for SMP configuration information
[    0.000000] smpboot: Allowing 2 CPUs, 0 hotplug CPUs
[    0.000000] PM: Registered nosave memory: [mem 0x00000000-0x00000fff]
[    0.000000] PM: Registered nosave memory: [mem 0x0009f000-0x0009ffff]
[    0.000000] PM: Registered nosave memory: [mem 0x000a0000-0x000effff]
[    0.000000] PM: Registered nosave memory: [mem 0x000f0000-0x000fffff]
[    0.000000] e820: [mem 0x40000000-0xfebfffff] available for PCI devices
[    0.000000] Booting paravirtualized kernel on KVM
[    0.000000] clocksource: refined-jiffies: mask: 0xffffffff max_cycles: 0xffffffff, max_idle_ns: 7645519600211568 ns
[    0.000000] setup_percpu: NR_CPUS:8192 nr_cpumask_bits:2 nr_cpu_ids:2 nr_node_ids:1
[    0.000000] percpu: Embedded 50 pages/cpu s167936 r8192 d28672 u1048576
[    0.000000] PV qspinlock hash table entries: 256 (order: 0, 4096 bytes)
[    0.000000] Built 1 zonelists, mobility grouping on.  Total pages: 257913
[    0.000000] Policy zone: DMA32
[    0.000000] Kernel command line: BOOT_IMAGE=/boot/vmlinuz-4.15.0-212-generic root=LABEL=cloudimg-rootfs ro console=tty1 console=ttyS0
[    0.000000] Memory: 982644K/1048120K available (12300K kernel code, 2477K rwdata, 4324K rodata, 2480K init, 2720K bss, 65476K reserved, 0K cma-reserved)
[    0.000000] SLUB: HWalign=64, Order=0-3, MinObjects=0, CPUs=2, Nodes=1
[    0.000000] ftrace: allocating 39508 entries in 155 pages
[    0.004000] Hierarchical RCU implementation.
[    0.004000] 	RCU restricting CPUs from NR_CPUS=8192 to nr_cpu_ids=2.
[    0.004000] 	Tasks RCU enabled.
[    0.004000] RCU: Adjusting geometry for rcu_fanout_leaf=16, nr_cpu_ids=2
[    0.004000] NR_IRQS: 524544, nr_irqs: 440, preallocated irqs: 16
[    0.004000] random: crng init done
[    0.004000] Console: colour VGA+ 80x25
[    0.004000] console [tty1] enabled
[    0.004000] console [ttyS0] enabled
[    0.004000] ACPI: Core revision 20170831
[    0.004000] ACPI: 2 ACPI AML tables successfully acquired and loaded
[    0.004000] APIC: Switch to symmetric I/O mode setup
[    0.004000] ..TIMER: vector=0x30 apic1=0 pin1=2 apic2=-1 pin2=-1
[    0.004008] tsc: Detected 2095.994 MHz processor
[    0.008008] Calibrating delay loop (skipped) preset value.. 4191.98 BogoMIPS (lpj=8383976)
[    0.012007] pid_max: default: 32768 minimum: 301
[    0.016098] Security Framework initialized
[    0.020003] Yama: becoming mindful.
[    0.024107] AppArmor: AppArmor initialized
[    0.034923] Dentry cache hash table entries: 131072 (order: 8, 1048576 bytes)
[    0.040156] Inode-cache hash table entries: 65536 (order: 7, 524288 bytes)
[    0.048046] Mount-cache hash table entries: 2048 (order: 2, 16384 bytes)
[    0.052109] Mountpoint-cache hash table entries: 2048 (order: 2, 16384 bytes)
[    0.057891] Last level iTLB entries: 4KB 1024, 2MB 1024, 4MB 512
[    0.060007] Last level dTLB entries: 4KB 2048, 2MB 2048, 4MB 1024, 1GB 0
[    0.064008] Spectre V1 : Mitigation: usercopy/swapgs barriers and __user pointer sanitization
[    0.068008] Spectre V2 : Mitigation: Retpolines
[    0.072007] Spectre V2 : Spectre v2 / SpectreRSB mitigation: Filling RSB on context switch
[    0.076006] Spectre V2 : Spectre v2 / SpectreRSB : Filling RSB on VMEXIT
[    0.080007] RETBleed: Vulnerable
[    0.084232] Freeing SMP alternatives memory: 36K
[    0.201380] smpboot: CPU0: AMD Ryzen 5 5500U with Radeon Graphics (family: 0x17, model: 0x68, stepping: 0x1)
[    0.204644] Performance Events: PMU not available due to virtualization, using software events only.
[    0.208172] Hierarchical SRCU implementation.
[    0.212847] NMI watchdog: Perf event create on CPU 0 failed with -2
[    0.216007] NMI watchdog: Perf NMI watchdog permanently disabled
[    0.220459] smp: Bringing up secondary CPUs ...
[    0.225267] x86: Booting SMP configuration:
[    0.228006] .... node  #0, CPUs:      #1
[    0.004000] kvm-clock: cpu 1, msr 0:3ff44041, secondary cpu clock
[    0.242957] TSC synchronization [CPU#0 -> CPU#1]:
[    0.244000] Measured 65782 cycles TSC warp between CPUs, turning off TSC clock.
[    0.244000] tsc: Marking TSC unstable due to check_tsc_sync_source failed
[    0.248278] smp: Brought up 1 node, 2 CPUs
[    0.252007] smpboot: Max logical packages: 1
[    0.256009] smpboot: Total of 2 processors activated (8383.97 BogoMIPS)
[    0.264640] devtmpfs: initialized
[    0.268556] x86/mm: Memory block size: 128MB
[    0.276503] evm: security.selinux
[    0.280007] evm: security.SMACK64
[    0.284008] evm: security.SMACK64EXEC
[    0.288006] evm: security.SMACK64TRANSMUTE
[    0.296010] evm: security.SMACK64MMAP
[    0.304009] evm: security.apparmor
[    0.312006] evm: security.ima
[    0.316011] evm: security.capability
[    0.324488] clocksource: jiffies: mask: 0xffffffff max_cycles: 0xffffffff, max_idle_ns: 7645041785100000 ns
[    0.340037] futex hash table entries: 512 (order: 3, 32768 bytes)
[    0.352554] pinctrl core: initialized pinctrl subsystem
[    0.360686] RTC time: 13:39:45, date: 07/14/24
[    0.369832] NET: Registered protocol family 16
[    0.376201] audit: initializing netlink subsys (disabled)
[    0.380390] audit: type=2000 audit(1720964390.442:1): state=initialized audit_enabled=0 res=1
[    0.388024] cpuidle: using governor ladder
[    0.392301] cpuidle: using governor menu
[    0.406028] ACPI: bus type PCI registered
[    0.412019] acpiphp: ACPI Hot Plug PCI Controller Driver version: 0.5
[    0.420780] PCI: Using configuration type 1 for base access
[    0.428005] PCI: Using configuration type 1 for extended access
[    0.440040] HugeTLB registered 2.00 MiB page size, pre-allocated 0 pages
[    0.452724] ACPI: Added _OSI(Module Device)
[    0.456024] ACPI: Added _OSI(Processor Device)
[    0.460012] ACPI: Added _OSI(3.0 _SCP Extensions)
[    0.468015] ACPI: Added _OSI(Processor Aggregator Device)
[    0.476016] ACPI: Added _OSI(Linux-Dell-Video)
[    0.480012] ACPI: Added _OSI(Linux-Lenovo-NV-HDMI-Audio)
[    0.488012] ACPI: Added _OSI(Linux-HPI-Hybrid-Graphics)
[    0.493107] ACPI: Executed 1 blocks of module-level executable AML code
[    0.506940] ACPI: Interpreter enabled
[    0.512051] ACPI: (supports S0 S5)
[    0.516012] ACPI: Using IOAPIC for interrupt routing
[    0.524557] PCI: Using host bridge windows from ACPI; if necessary, use "pci=nocrs" and report a bug
[    0.536345] ACPI: Enabled 2 GPEs in block 00 to 07
[    0.554021] ACPI: PCI Root Bridge [PCI0] (domain 0000 [bus 00-ff])
[    0.560022] acpi PNP0A03:00: _OSC: OS supports [ExtendedConfig ASPM ClockPM Segments MSI]
[    0.569848] acpi PNP0A03:00: _OSC: platform does not support [PCIeCapability]
[    0.576855] acpi PNP0A03:00: _OSC: not requesting control; platform does not support [PCIeCapability]
[    0.588013] acpi PNP0A03:00: _OSC: OS requested [PCIeHotplug PME AER PCIeCapability]
[    0.596011] acpi PNP0A03:00: _OSC: platform willing to grant [PCIeHotplug PME AER]
[    0.600012] acpi PNP0A03:00: _OSC failed (AE_SUPPORT); disabling ASPM
[    0.609142] PCI host bridge to bus 0000:00
[    0.612024] pci_bus 0000:00: root bus resource [io  0x0000-0x0cf7 window]
[    0.620014] pci_bus 0000:00: root bus resource [io  0x0d00-0xffff window]
[    0.628017] pci_bus 0000:00: root bus resource [mem 0x000a0000-0x000bffff window]
[    0.640016] pci_bus 0000:00: root bus resource [mem 0x40000000-0xfdffffff window]
[    0.644014] pci_bus 0000:00: root bus resource [bus 00-ff]
[    0.662248] pci 0000:00:01.1: legacy IDE quirk: reg 0x10: [io  0x01f0-0x01f7]
[    0.668018] pci 0000:00:01.1: legacy IDE quirk: reg 0x14: [io  0x03f6]
[    0.676010] pci 0000:00:01.1: legacy IDE quirk: reg 0x18: [io  0x0170-0x0177]
[    0.680007] pci 0000:00:01.1: legacy IDE quirk: reg 0x1c: [io  0x0376]
[    0.707509] pci 0000:00:07.0: quirk: [io  0x4000-0x403f] claimed by PIIX4 ACPI
[    0.716050] pci 0000:00:07.0: quirk: [io  0x4100-0x410f] claimed by PIIX4 SMB
[    0.740604] ACPI: PCI Interrupt Link [LNKA] (IRQs 5 9 10 *11)
[    0.744673] ACPI: PCI Interrupt Link [LNKB] (IRQs 5 9 *10 11)
[    0.752257] ACPI: PCI Interrupt Link [LNKC] (IRQs 5 *9 10 11)
[    0.760257] ACPI: PCI Interrupt Link [LNKD] (IRQs 5 9 10 *11)
[    0.768937] SCSI subsystem initialized
[    0.772726] pci 0000:00:02.0: vgaarb: setting as boot VGA device
[    0.776000] pci 0000:00:02.0: vgaarb: VGA device added: decodes=io+mem,owns=io+mem,locks=none
[    0.788011] pci 0000:00:02.0: vgaarb: bridge control possible
[    0.796007] vgaarb: loaded
[    0.796159] ACPI: bus type USB registered
[    0.800041] usbcore: registered new interface driver usbfs
[    0.808068] usbcore: registered new interface driver hub
[    0.812017] usbcore: registered new device driver usb
[    0.820284] EDAC MC: Ver: 3.0.0
[    0.824990] PCI: Using ACPI for IRQ routing
[    0.832931] NetLabel: Initializing
[    0.836004] NetLabel:  domain hash size = 128
[    0.840013] NetLabel:  protocols = UNLABELED CIPSOv4 CALIPSO
[    0.844030] NetLabel:  unlabeled traffic allowed by default
[    0.856757] clocksource: Switched to clocksource kvm-clock
[    0.895438] VFS: Disk quotas dquot_6.6.0
[    0.895438] VFS: Dquot-cache hash table entries: 512 (order 0, 4096 bytes)
[    0.895438] AppArmor: AppArmor Filesystem Enabled
[    0.895438] pnp: PnP ACPI init
[    0.895438] pnp: PnP ACPI: found 3 devices
[    0.985233] clocksource: acpi_pm: mask: 0xffffff max_cycles: 0xffffff, max_idle_ns: 2085701024 ns
[    0.988243] NET: Registered protocol family 2
[    0.988243] IP idents hash table entries: 16384 (order: 5, 131072 bytes)
[    1.005794] TCP established hash table entries: 8192 (order: 4, 65536 bytes)
[    1.012915] TCP bind hash table entries: 8192 (order: 5, 131072 bytes)
[    1.016535] TCP: Hash tables configured (established 8192 bind 8192)
[    1.016535] UDP hash table entries: 512 (order: 2, 16384 bytes)
[    1.016535] UDP-Lite hash table entries: 512 (order: 2, 16384 bytes)
[    1.016535] NET: Registered protocol family 1
[    1.016535] pci 0000:00:00.0: Limiting direct PCI/PCI transfers
[    1.016535] pci 0000:00:01.0: Activating ISA DMA hang workarounds
[    1.016535] pci 0000:00:02.0: Video device with shadowed ROM at [mem 0x000c0000-0x000dffff]
[    1.016535] Unpacking initramfs...
[    1.667700] Freeing initrd memory: 19528K
[    1.668040] clocksource: tsc: mask: 0xffffffffffffffff max_cycles: 0x1e36681f445, max_idle_ns: 440795224423 ns
[    1.681266] platform rtc_cmos: registered platform RTC device (no PNP device found)
[    1.688469] Scanning for low memory corruption every 60 seconds
[    1.699491] Initialise system trusted keyrings
[    1.704582] Key type blacklist registered
[    1.709488] workingset: timestamp_bits=36 max_order=18 bucket_order=0
[    1.719523] zbud: loaded
[    1.724340] squashfs: version 4.0 (2009/01/31) Phillip Lougher
[    1.731406] fuse init (API version 7.26)
[    1.767728] Key type asymmetric registered
[    1.772520] Asymmetric key parser 'x509' registered
[    1.778014] Block layer SCSI generic (bsg) driver version 0.4 loaded (major 246)
[    1.786001] io scheduler noop registered
[    1.790363] io scheduler deadline registered
[    1.794970] io scheduler cfq registered (default)
[    1.801281] ACPI: AC Adapter [AC] (off-line)
[    1.806304] input: Power Button as /devices/LNXSYSTM:00/LNXPWRBN:00/input/input0
[    1.814111] ACPI: Power Button [PWRF]
[    1.820528] input: Sleep Button as /devices/LNXSYSTM:00/LNXSLPBN:00/input/input1
[    1.828565] ACPI: Sleep Button [SLPF]
[    1.836488] ACPI: Battery Slot [BAT0] (battery present)
[    1.842209] Serial: 8250/16550 driver, 32 ports, IRQ sharing enabled
[    1.876002] 00:02: ttyS0 at I/O 0x3f8 (irq = 4, base_baud = 115200) is a 16550A
[    1.901438] Linux agpgart interface v0.103
[    1.917785] loop: module loaded
[    1.927180] scsi host0: ata_piix
[    1.933261] scsi host1: ata_piix
[    1.936851] ata1: PATA max UDMA/33 cmd 0x1f0 ctl 0x3f6 bmdma 0xd000 irq 14
[    1.940758] ata2: PATA max UDMA/33 cmd 0x170 ctl 0x376 bmdma 0xd008 irq 15
[    1.950525] tun: Universal TUN/TAP device driver, 1.6
[    1.956473] PPP generic driver version 2.4.2
[    1.961405] ehci_hcd: USB 2.0 'Enhanced' Host Controller (EHCI) Driver
[    1.967346] ehci-pci: EHCI PCI platform driver
[    1.972118] ehci-platform: EHCI generic platform driver
[    1.977400] ohci_hcd: USB 1.1 'Open' Host Controller (OHCI) Driver
[    1.983332] ohci-pci: OHCI PCI platform driver
[    1.987455] ohci-platform: OHCI generic platform driver
[    1.992959] uhci_hcd: USB Universal Host Controller Interface driver
[    1.996904] i8042: PNP: PS/2 Controller [PNP0303:PS2K,PNP0f03:PS2M] at 0x60,0x64 irq 1,12
[    2.009936] serio: i8042 KBD port at 0x60,0x64 irq 1
[    2.015363] serio: i8042 AUX port at 0x60,0x64 irq 12
[    2.022689] mousedev: PS/2 mouse device common for all mice
[    2.033374] rtc_cmos rtc_cmos: rtc core: registered rtc_cmos as rtc0
[    2.033648] input: AT Translated Set 2 keyboard as /devices/platform/i8042/serio0/input/input2
[    2.040708] rtc_cmos rtc_cmos: alarms up to one day, 114 bytes nvram
[    2.055407] i2c /dev entries driver
[    2.059854] device-mapper: uevent: version 1.0.3
[    2.065711] device-mapper: ioctl: 4.37.0-ioctl (2017-09-20) initialised: dm-devel@redhat.com
[    2.074812] ledtrig-cpu: registered to indicate activity on CPUs
[    2.084310] NET: Registered protocol family 10
[    2.104933] Segment Routing with IPv6
[    2.116216] NET: Registered protocol family 17
[    2.121085] Key type dns_resolver registered
[    2.168013] mce: Using 0 MCE banks
[    2.172737] RAS: Correctable Errors collector initialized.
[    2.179093] sched_clock: Marking stable (2179016959, 0)->(2892338525, -713321566)
[    2.191348] registered taskstats version 1
[    2.195702] Loading compiled-in X.509 certificates
[    2.205543] Loaded X.509 cert 'Build time autogenerated kernel key: b5b26778eaa3ab3a4a6cee031137706e947d12ad'
[    2.215666] Loaded X.509 cert 'Canonical Ltd. Live Patch Signing: 14df34d1a87cf37625abec039ef2bf521249b969'
[    2.225990] Loaded X.509 cert 'Canonical Ltd. Kernel Module Signing: 88f752e560a1e0737e31163a466ad7b70a850c19'
[    2.236240] blacklist: Loading compiled-in revocation X.509 certificates
[    2.243364] Loaded X.509 cert 'Canonical Ltd. Secure Boot Signing: 61482aa2830d0ab2ad5af10b7250da9033ddcef0'
[    2.253023] Loaded X.509 cert 'Canonical Ltd. Secure Boot Signing (2017): 242ade75ac4a15e50d50c84b0d45ff3eae707a03'
[    2.263799] Loaded X.509 cert 'Canonical Ltd. Secure Boot Signing (ESM 2018): 365188c1d374d6b07c3c8f240f8ef722433d6a8b'
[    2.274917] Loaded X.509 cert 'Canonical Ltd. Secure Boot Signing (2019): c0746fd6c5da3ae827864651ad66ae47fe24b3e8'
[    2.285882] Loaded X.509 cert 'Canonical Ltd. Secure Boot Signing (2021 v1): a8d54bbb3825cfb94fa13c9f8a594a195c107b8d'
[    2.297883] Loaded X.509 cert 'Canonical Ltd. Secure Boot Signing (2021 v2): 4cf046892d6fd3c9a5b03f98d845f90851dc6a8c'
[    2.309473] Loaded X.509 cert 'Canonical Ltd. Secure Boot Signing (2021 v3): 100437bb6de6e469b581e61cd66bce3ef4ed53af'
[    2.321440] Loaded X.509 cert 'Canonical Ltd. Secure Boot Signing (Ubuntu Core 2019): c1d57b8f6b743f23ee41f4f7ee292f06eecadfb9'
[    2.333027] zswap: loaded using pool lzo/zbud
[    2.352259] Key type big_key registered
[    2.356083] Key type trusted registered
[    2.365790] Key type encrypted registered
[    2.370562] AppArmor: AppArmor sha1 policy hashing enabled
[    2.376655] ima: No TPM chip found, activating TPM-bypass! (rc=-19)
[    2.383308] ima: Allocated hash algorithm: sha1
[    2.388823] evm: HMAC attrs: 0x1
[    2.393666]   Magic number: 0:569:685
[    2.397973]  clocksource: hash matches
[    2.404661] rtc_cmos rtc_cmos: setting system clock to 2024-07-14 13:39:47 UTC (1720964387)
[    2.413876] BIOS EDD facility v0.16 2004-Jun-25, 0 devices found
[    2.420552] EDD information not available.
[    2.431243] Freeing unused kernel image memory: 2480K
[    2.452245] Write protecting the kernel read-only data: 20480k
[    2.459887] Freeing unused kernel image memory: 2008K
[    2.466037] Freeing unused kernel image memory: 1820K
[    2.477875] x86/mm: Checked W+X mappings: passed, no W+X pages found.
Loading, please wait...
starting version 237
[    2.569127] e1000: Intel(R) PRO/1000 Network Driver - version 7.3.21-k8-NAPI
[    2.577203] e1000: Copyright (c) 1999-2006 Intel Corporation.
[    2.583950] Fusion MPT base driver 3.04.20
[    2.589882] Copyright (c) 1999-2008 LSI Corporation
[    2.638070] SSE version of gcm_enc/dec engaged.
[    2.646472] Fusion MPT SPI Host driver 3.04.20
[    2.823666] input: ImExPS/2 Generic Explorer Mouse as /devices/platform/i8042/serio1/input/input4
[    3.299757] e1000 0000:00:03.0 eth0: (PCI:33MHz:32-bit) 02:3b:7b:b7:3b:2d
[    3.306561] e1000 0000:00:03.0 eth0: Intel(R) PRO/1000 Network Connection
[    3.962115] e1000 0000:00:08.0 eth1: (PCI:33MHz:32-bit) 08:00:27:d4:22:b2
[    3.968934] e1000 0000:00:08.0 eth1: Intel(R) PRO/1000 Network Connection
[    3.978401] e1000 0000:00:03.0 enp0s3: renamed from eth0
[    3.985046] mptbase: ioc0: Initiating bringup
[    7.312590] e1000 0000:00:08.0 enp0s8: renamed from eth1
[    7.648447] ioc0: LSI53C1030 A0: Capabilities={Initiator}
[    7.908440] scsi host2: ioc0: LSI53C1030 A0, FwRev=00000000h, Ports=1, MaxQ=256, IRQ=20
[    8.086764] scsi 2:0:0:0: Direct-Access     VBOX     HARDDISK         1.0  PQ: 0 ANSI: 5
[    8.120098] scsi target2:0:0: Beginning Domain Validation
[    8.132756] scsi target2:0:0: Domain Validation skipping write tests
[    8.138860] scsi target2:0:0: Ending Domain Validation
[    8.143981] scsi target2:0:0: asynchronous
[    8.149945] scsi 2:0:1:0: Direct-Access     VBOX     HARDDISK         1.0  PQ: 0 ANSI: 5
[    8.976168] scsi target2:0:1: Beginning Domain Validation
[    8.987575] scsi target2:0:1: Domain Validation skipping write tests
[    8.993226] scsi target2:0:1: Ending Domain Validation
[    8.998400] scsi target2:0:1: asynchronous
[    9.015094] sd 2:0:0:0: Attached scsi generic sg0 type 0
[    9.021767] sd 2:0:1:0: Attached scsi generic sg1 type 0
[    9.021913] sd 2:0:0:0: [sda] 83886080 512-byte logical blocks: (42.9 GB/40.0 GiB)
[    9.036585] sd 2:0:0:0: [sda] Write Protect is off
[    9.042136] sd 2:0:1:0: [sdb] 20480 512-byte logical blocks: (10.5 MB/10.0 MiB)
[    9.042515] sd 2:0:0:0: [sda] Incomplete mode parameter data
[    9.057635] sd 2:0:0:0: [sda] Assuming drive cache: write through
[    9.058005] sd 2:0:1:0: [sdb] Write Protect is off
[    9.066884]  sda: sda1
[    9.071593] sd 2:0:1:0: [sdb] Incomplete mode parameter data
[    9.073886] sd 2:0:0:0: [sda] Attached SCSI disk
[    9.078224] sd 2:0:1:0: [sdb] Assuming drive cache: write through
[    9.100779] sd 2:0:1:0: [sdb] Attached SCSI disk
Begin: Loading essential drivers ... [   11.317420] raid6: sse2x1   gen() 70828 MB/s
[   13.313619] raid6: sse2x1   xor() 188295 MB/s
[   14.310456] raid6: sse2x2   gen() 387564 MB/s
[   15.320787] raid6: sse2x2   xor() 256205 MB/s
[   16.363248] raid6: sse2x4   gen() 18043 MB/s
[   16.425686] raid6: sse2x4   xor() 11496 MB/s
[   16.429912] raid6: using algorithm sse2x2 gen() 387564 MB/s
[   16.435803] raid6: .... xor() 256205 MB/s, rmw enabled
[   16.440718] raid6: using ssse3x2 recovery algorithm
[   16.448618] xor: measuring software checksum speed
[   16.492190]    prefetch64-sse: 16790.000 MB/sec
[   16.536273]    generic_sse: 15614.000 MB/sec
[   16.540669] xor: using function: prefetch64-sse (16790.000 MB/sec)
[   16.548399] async_tx: api initialized (async)
done.
Begin: Running /scripts/init-premount ... done.
Begin: Mounting root file system ... Begin: Running /scripts/local-top ... done.
Begin: Running /scripts/local-premount ... [   16.607568] Btrfs loaded, crc32c=crc32c-intel
Scanning for Btrfs filesystems
done.
Warning: fsck not present, so skipping root file system
[   16.668129] EXT4-fs (sda1): mounted filesystem with ordered data mode. Opts: (null)
done.
Begin: Running /scripts/local-bottom ... done.
Begin: Running /scripts/init-bottom ... done.
[   16.921645] ip_tables: (C) 2000-2006 Netfilter Core Team
[   16.946955] systemd[1]: systemd 237 running in system mode. (+PAM +AUDIT +SELINUX +IMA +APPARMOR +SMACK +SYSVINIT +UTMP +LIBCRYPTSETUP +GCRYPT +GNUTLS +ACL +XZ +LZ4 +SECCOMP +BLKID +ELFUTILS +KMOD -IDN2 +IDN -PCRE2 default-hierarchy=hybrid)
[   16.966218] systemd[1]: Detected virtualization oracle.
[   16.971406] systemd[1]: Detected architecture x86-64.

Welcome to [1mUbuntu 18.04.6 LTS[0m!

[   17.005012] systemd[1]: Set hostname to <ubuntu>.
[   17.017651] systemd[1]: Initializing machine ID from random generator.
[   17.023729] systemd[1]: Installed transient /etc/machine-id file.
[   17.425372] systemd[1]: Started Forward Password Requests to Wall Directory Watch.
[[0;32m  OK  [0m] Started Forward Password Requests to Wall Directory Watch.
[   17.437657] systemd[1]: Reached target Mounting snaps.
[[0;32m  OK  [0m] Reached target Mounting snaps.
[   17.445473] systemd[1]: Reached target User and Group Name Lookups.
[[0;32m  OK  [0m] Reached target User and Group Name Lookups.
[   17.464707] systemd[1]: Created slice System Slice.
[[0;32m  OK  [0m] Created slice System Slice.
[[0;32m  OK  [0m] Listening on LVM2 poll daemon socket.
[[0;32m  OK  [0m] Listening on Journal Audit Socket.
[[0;32m  OK  [0m] Listening on udev Kernel Socket.
[[0;32m  OK  [0m] Created slice system-serial\x2dgetty.slice.
[[0;32m  OK  [0m] Reached target Swap.
[[0;32m  OK  [0m] Listening on LVM2 metadata daemon socket.
[[0;32m  OK  [0m] Listening on udev Control Socket.
[[0;32m  OK  [0m] Set up automount Arbitrary Executabâ€¦rmats File System Automount Point.
[[0;32m  OK  [0m] Listening on Journal Socket (/dev/log).
[[0;32m  OK  [0m] Reached target Mounted snaps.
[[0;32m  OK  [0m] Listening on Device-mapper event daemon FIFOs.
[[0;32m  OK  [0m] Listening on Network Service Netlink Socket.
[[0;32m  OK  [0m] Reached target System Time Synchronized.
[[0;32m  OK  [0m] Created slice User and Session Slice.
[[0;32m  OK  [0m] Reached target Slices.
[[0;32m  OK  [0m] Listening on Journal Socket.
         Starting Uncomplicated firewall...
         Starting Create list of required stâ€¦ce nodes for the current kernel...
         Starting Load Kernel Modules...
         Starting Monitoring of LVM2 mirrorsâ€¦ng dmeventd or progress polling...
         Starting Set the console keyboard layout...
         Mounting Kernel Debug File System...
         Mounting Huge Pages File System...
[   17.591180] Loading iSCSI transport class v2.0-870.
         Starting udev Coldplug all Devices...
         Mounting POSIX Message Queue File System...
[[0;32m  OK  [0m] Listening on /dev/initctl Compatibility Named Pipe.
[[0;32m  OK  [0m] Listening on Syslog Socket.
         Starting Journal Service...
[   17.666040] iscsi: registered transport (tcp)
[   17.693141] iscsi: registered transport (iser)
[[0;32m  OK  [0m] Listening on fsck to fsckd communication Socket.
         Starting File System Check on Root Device...
[[0;32m  OK  [0m] Started Uncomplicated firewall.
[[0;32m  OK  [0m] Started Create list of required staâ€¦vice nodes for the current kernel.
[[0;32m  OK  [0m] Started Load Kernel Modules.
[[0;32m  OK  [0m] Mounted Kernel Debug File System.
[[0;32m  OK  [0m] Mounted Huge Pages File System.
[[0;32m  OK  [0m] Mounted POSIX Message Queue File System.
[[0;32m  OK  [0m] Started LVM2 metadata daemon.
         Starting Apply Kernel Variables...
         Mounting Kernel Configuration File System...
         Mounting FUSE Control File System...
         Starting Create Static Device Nodes in /dev...
[[0;32m  OK  [0m] Mounted Kernel Configuration File System.
[[0;32m  OK  [0m] Mounted FUSE Control File System.
[[0;32m  OK  [0m] Started File System Check Daemon to report status.
[[0;32m  OK  [0m] Started Journal Service.
[[0;32m  OK  [0m] Started udev Coldplug all Devices.
[[0;32m  OK  [0m] Started Create Static Device Nodes in /dev.
[[0;32m  OK  [0m] Started Monitoring of LVM2 mirrors,â€¦sing dmeventd or progress polling.
[[0;32m  OK  [0m] Started Apply Kernel Variables.
[[0;32m  OK  [0m] Started File System Check on Root Device.
         Starting Remount Root and Kernel File Systems...
[[0;32m  OK  [0m] Started Remount Root and Kernel File Systems.
         Starting udev Kernel Device Manager...
         Starting Load/Save Random Seed...
         Starting Flush Journal to Persistent Storage...
[[0;32m  OK  [0m] Started Load/Save Random Seed.
[[0;32m  OK  [0m] Started udev Kernel Device Manager.
[[0;32m  OK  [0m] Started Flush Journal to Persistent Storage.
[[0;32m  OK  [0m] Found device /dev/ttyS0.
[[0;32m  OK  [0m] Listening on Load/Save RF Kill Switch Status /dev/rfkill Watch.
[[0;32m  OK  [0m] Started Set the console keyboard layout.
         Mounting Arbitrary Executable File Formats File System...
[[0;32m  OK  [0m] Started Dispatch Password Requests to Console Directory Watch.
[[0;32m  OK  [0m] Reached target Local Encrypted Volumes.
[[0;32m  OK  [0m] Reached target Local File Systems (Pre).
[[0;32m  OK  [0m] Reached target Local File Systems.
         Starting Commit a transient machine-id on disk...
         Starting ebtables ruleset management...
         Starting AppArmor initialization...
         Starting Create Volatile Files and Directories...
         Starting Tell Plymouth To Write Out Runtime Data...
         Starting Set console font and keymap...
[[0;32m  OK  [0m] Started Tell Plymouth To Write Out Runtime Data.
[[0;32m  OK  [0m] Started Create Volatile Files and Directories.
[[0;32m  OK  [0m] Mounted Arbitrary Executable File Formats File System.
         Starting Update UTMP about System Boot/Shutdown...
[[0;32m  OK  [0m] Started Update UTMP about System Boot/Shutdown.
[[0;32m  OK  [0m] Started Commit a transient machine-id on disk.
[[0;32m  OK  [0m] Started ebtables ruleset management.
[[0;32m  OK  [0m] Started AppArmor initialization.
         Starting Initial cloud-init job (pre-networking)...
         Starting Load AppArmor profiles managed internally by snapd...
[[0;32m  OK  [0m] Started Load AppArmor profiles managed internally by snapd.
[[0;32m  OK  [0m] Started Set console font and keymap.
[   21.758516] cloud-init[779]: Cloud-init v. 23.1.2-0ubuntu0~18.04.1 running 'init-local' at Sun, 14 Jul 2024 13:40:06 +0000. Up 21.39 seconds.
[[0;32m  OK  [0m] Started Initial cloud-init job (pre-networking).
[[0;32m  OK  [0m] Reached target Network (Pre).
         Starting Network Service...
[[0;32m  OK  [0m] Started Network Service.
         Starting Network Name Resolution...
         Starting Wait for Network to be Configured...
[[0;32m  OK  [0m] Started Network Name Resolution.
[[0;32m  OK  [0m] Reached target Network.
[[0;32m  OK  [0m] Reached target Host and Network Name Lookups.
[[0;32m  OK  [0m] Started Wait for Network to be Configured.
         Starting Initial cloud-init job (metadata service crawler)...
[   24.214587] cloud-init[952]: Cloud-init v. 23.1.2-0ubuntu0~18.04.1 running 'init' at Sun, 14 Jul 2024 13:40:09 +0000. Up 24.09 seconds.
[   24.219098] cloud-init[952]: ci-info: ++++++++++++++++++++++++++++++++++++++Net device info+++++++++++++++++++++++++++++++++++++++
[   24.223250] cloud-init[952]: ci-info: +--------+-------+----------------------------+---------------+--------+-------------------+
[   24.227183] cloud-init[952]: ci-info: | Device |   Up  |          Address           |      Mask     | Scope  |     Hw-Address    |
[   24.231188] cloud-init[952]: ci-info: +--------+-------+----------------------------+---------------+--------+-------------------+
[   24.235286] cloud-init[952]: ci-info: | enp0s3 |  True |         10.0.2.15          | 255.255.255.0 | global | 02:3b:7b:b7:3b:2d |
[   24.239333] cloud-init[952]: ci-info: | enp0s3 |  True | fe80::3b:7bff:feb7:3b2d/64 |       .       |  link  | 02:3b:7b:b7:3b:2d |
[   24.244427] cloud-init[952]: ci-info: | enp0s8 | False |             .              |       .       |   .    | 08:00:27:d4:22:b2 |
[   24.248442] cloud-init[952]: ci-info: |   lo   |  True |         127.0.0.1          |   255.0.0.0   |  host  |         .         |
[   24.252568] cloud-init[952]: ci-info: |   lo   |  True |          ::1/128           |       .       |  host  |         .         |
[   24.256654] cloud-init[952]: ci-info: +--------+-------+----------------------------+---------------+--------+-------------------+
[   24.260530] cloud-init[952]: ci-info: ++++++++++++++++++++++++++++Route IPv4 info+++++++++++++++++++++++++++++
[   24.264170] cloud-init[952]: ci-info: +-------+-------------+----------+-----------------+-----------+-------+
[   24.267781] cloud-init[952]: ci-info: | Route | Destination | Gateway  |     Genmask     | Interface | Flags |
[   24.271198] cloud-init[952]: ci-info: +-------+-------------+----------+-----------------+-----------+-------+
[   24.275422] cloud-init[952]: ci-info: |   0   |   0.0.0.0   | 10.0.2.2 |     0.0.0.0     |   enp0s3  |   UG  |
[   24.279074] cloud-init[952]: ci-info: |   1   |   10.0.2.0  | 0.0.0.0  |  255.255.255.0  |   enp0s3  |   U   |
[   24.282451] cloud-init[952]: ci-info: |   2   |   10.0.2.2  | 0.0.0.0  | 255.255.255.255 |   enp0s3  |   UH  |
[   24.285936] cloud-init[952]: ci-info: +-------+-------------+----------+-----------------+-----------+-------+
[   24.291330] cloud-init[952]: ci-info: +++++++++++++++++++Route IPv6 info+++++++++++++++++++
[   24.295493] cloud-init[952]: ci-info: +-------+-------------+---------+-----------+-------+
[   24.299132] cloud-init[952]: ci-info: | Route | Destination | Gateway | Interface | Flags |
[   24.302060] cloud-init[952]: ci-info: +-------+-------------+---------+-----------+-------+
[   24.305609] cloud-init[952]: ci-info: |   1   |  fe80::/64  |    ::   |   enp0s3  |   U   |
[   24.308613] cloud-init[952]: ci-info: |   3   |    local    |    ::   |   enp0s3  |   U   |
[   24.311419] cloud-init[952]: ci-info: |   4   |   ff00::/8  |    ::   |   enp0s3  |   U   |
[   24.314579] cloud-init[952]: ci-info: +-------+-------------+---------+-----------+-------+
[   25.319562] cloud-init[952]: Generating public/private rsa key pair.
[   25.325620] cloud-init[952]: Your identification has been saved in /etc/ssh/ssh_host_rsa_key.
[   25.331241] cloud-init[952]: Your public key has been saved in /etc/ssh/ssh_host_rsa_key.pub.
[   25.337037] cloud-init[952]: The key fingerprint is:
[   25.341879] cloud-init[952]: SHA256:/vb7iGpp1IaMIricPPQ5YrQvWZpMJgIejvof3bhqbJY root@ubuntu-bionic
[   25.348044] cloud-init[952]: The key's randomart image is:
[   25.352862] cloud-init[952]: +---[RSA 2048]----+
[   25.357116] cloud-init[952]: |                 |
[   25.361464] cloud-init[952]: |                 |
[   25.365490] cloud-init[952]: |                 |
[   25.370026] cloud-init[952]: |..               |
[   25.374364] cloud-init[952]: |=..    oSo       |
[   25.379035] cloud-init[952]: |=B.....++ o      |
[   25.383237] cloud-init[952]: |%.Ooooo.oo       |[[0;32m  OK  [0m] Started Initial cloud-init job (metadata service crawler).
[[0;32m  OK  [0m] Reached target Cloud-config availability.
[[0;32m  OK  [0m] Reached target System Initialization.
[[0;32m  OK  [0m] Listening on D-Bus System Message Bus Socket.
[[0;32m  OK  [0m] Listening on cloud-init hotplug hook socket.
[[0;32m  OK  [0m] Started Daily apt download activities.
[[0;32m  OK  [0m] Listening on Open-iSCSI iscsid Socket.
[[0;32m  OK  [0m] Started Discard unused blocks once a week.
[[0;32m  OK  [0m] Listening on ACPID Listen Socket.
[[0;32m  OK  [0m] Listening on UUID daemon activation socket.
[[0;32m  OK  [0m] Started ACPI Events Check.
         Starting Socket activation for snappy daemon.
[[0;32m  OK  [0m] Started Daily apt upgrade and clean activities.
[[0;32m  OK  [0m] Started Daily Cleanup of Temporary Directories.
[[0;32m  OK  [0m] Started Message of the Day.
         Starting LXD - unix socket.
[[0;32m  OK  [0m] Started Ubuntu Advantage Timer for running repeated jobs.
[[0;32m  OK  [0m] Reached target Timers.
[[0;32m  OK  [0m] Reached target Paths.
[[0;32m  OK  [0m] Reached target Network is Online.
         Starting Availability of block devices...
[[0;32m  OK  [0m] Reached target Remote File Systems (Pre).
[[0;32m  OK  [0m] Reached target Remote File Systems.
[[0;32m  OK  [0m] Listening on Socket activation for snappy daemon.
[[0;32m  OK  [0m] Listening on LXD - unix socket.
[[0;32m  OK  [0m] Reached target Sockets.
[[0;32m  OK  [0m] Reached target Basic System.
[[0;32m  OK  [0m] Started D-Bus System Message Bus.

[   25.435373] cloud-init[952]: |o# +E. .+... .   |
[   25.440791] cloud-init[952]: |..**+..o.oo.+o.  |
[   25.445279] cloud-init[952]: +----[SHA256]-----+
[   25.450373] cloud-init[952]: Generating public/private dsa key pair.
[   25.455843] cloud-init[952]: Your identification has been saved in /etc/ssh/ssh_host_dsa_key.
[   25.463071] cloud-init[952]: Your public key has been saved in /etc/ssh/ssh_host_dsa_key.pub.
[   25.466405] cloud-init[952]: The key fingerprint is:
[   25.470724] cloud-init[952]: SHA256:DhYVej2jhzYtlvZ52X+6WYCUJ78RqRiGTHhqcr0PgXw root@ubuntu-bionic
         Starting Pollinate to seed the pseudo random number generator...
[   25.477589] cloud-init[952]: The key's randomart image is:
[   25.482815] cloud-init[952]: +---[DSA 1024]----+
[   25.484771] cloud-init[952]: |       .+.       |
         Starting Accounts Service...
[[0;32m  OK  [0m] Started Deferred execution scheduler.
[   25.491804] cloud-init[952]: |      .=.o   . . |
[   25.498643] cloud-init[952]: |     .o=+ * + +  |
[   25.500435] cloud-init[952]: |    . *oE* * * . |
[   25.502142] cloud-init[952]: |     +o.So+ o +  |
[   25.503920] cloud-init[952]: |     . *o= . o + |
[   25.506218] cloud-init[952]: |        .oo o o .|
[   25.508462] cloud-init[952]: |          ..   +.|
[   25.510252] cloud-init[952]: |              +oo|
[   25.511988] cloud-init[952]: +----[SHA256]-----+
[   25.514371] cloud-init[952]: Generating public/private ecdsa key pair.
[   25.517308] cloud-init[952]: Your identification has been saved in /etc/ssh/ssh_host_ecdsa_key.
[   25.534755] cloud-init[952]: Your public key has been saved in /etc/ssh/ssh_host_ecdsa_key.pub.
[   25.534846] cloud-init[952]: The key fingerprint is:
[   25.534871] cloud-init[952]: SHA256:VYJ35rC3amtghC55BM7ewp3iWA12BG9BKexGr0oKM7k root@ubuntu-bionic
[   25.534891] cloud-init[952]: The key's randomart image is:
[   25.535387] cloud-init[952]: +---[ECDSA 256]---+
[   25.535752] cloud-init[952]: |   ..oo. .. .    |
[   25.536598] cloud-init[952]: |    =.o.. ooo    |
[   25.537006] cloud-init[952]: |   = =o. ..*     |
[   25.537410] cloud-init[952]: |    B.= ... o    |
[   25.537816] cloud-init[952]: | . = @ oS  . .   |
[   25.538238] cloud-init[952]: |= . X B o   .    |
[   25.538703] cloud-init[952]: |.* = = . . .     |
[   25.538769] cloud-init[952]: |E o .     +      |
[   25.538800] cloud-init[952]: |         o..     |
[   25.538828] cloud-init[952]: +----[SHA256]-----+
[   25.538848] cloud-init[952]: Generating public/private ed25519 key pair.
[   25.538868] cloud-init[952]: Your identification has been saved in /etc/ssh/ssh_host_ed25519_key.
[   25.538887] cloud-init[952]: Your public key has been saved in /etc/ssh/ssh_host_ed25519_key.pub.
[   25.539346] cloud-init[952]: The key fingerprint is:
[   25.540797] cloud-init[952]: SHA256:3v5CGlw5gx28wx2M3H5Ouq2OvtxQQDru7CDh4bWnbqQ root@ubuntu-bionic
[   25.541199] cloud-init[952]: The key's randomart image is:
[   25.541642] cloud-init[952]: +--[ED25519 256]--+
[   25.542010] cloud-init[952]: |         o.+     |
[   25.542418] cloud-init[952]: |         o= +    |
[   25.542830] cloud-init[952]: |        o+.* .   |
[   25.543237] cloud-init[952]: |       ...X.o o  |
[   25.543645] cloud-init[952]: |    o ..S. +.=   |
[   25.544518] cloud-init[952]: |   o +.=o.... .  |
[   25.544929] cloud-init[952]: |    +oo =+o  o   |
[   25.545372] cloud-init[952]: |    E..=.o.+. .  |
[   25.545772] cloud-init[952]: |     oo ..*==.   |
[   25.546154] cloud-init[952]: +----[SHA256]-----+
         Starting Permit User Sessions...
         Starting LSB: Record successful boot for GRUB...
         Starting LSB: automatic crash report generation...
[[0;32m  OK  [0m] Started irqbalance daemon.
[[0;32m  OK  [0m] Reached target Login Prompts (Pre).
         Starting System Logging Service...
[[0;32m  OK  [0m] Started Regular background program processing daemon.
         Starting Dispatcher daemon for systemd-networkd...
[[0;32m  OK  [0m] Started FUSE filesystem for LXC.
         Starting Virtualbox guest utils...
         Starting Login Service...
         Starting LXD - container startup/shutdown...
         Starting Snap Daemon...
[[0;32m  OK  [0m] Started System Logging Service.
[[0;32m  OK  [0m] Started Availability of block devices.
[[0;32m  OK  [0m] Started Permit User Sessions.
[[0;32m  OK  [0m] Started Login Service.
[[0;32m  OK  [0m] Started Unattended Upgrades Shutdown.
         Starting Authorization Manager...
         Starting Hold until boot process finishes up...
         Starting Terminate Plymouth Boot Screen...
[[0;32m  OK  [0m] Started Hold until boot process finishes up.
[[0;32m  OK  [0m] Started Serial Getty on ttyS0.
         Starting Set console scheme...
[[0;32m  OK  [0m] Started Terminate Plymouth Boot Screen.
[[0;32m  OK  [0m] Started LSB: automatic crash report generation.
[[0;32m  OK  [0m] Started Set console scheme.
[[0;32m  OK  [0m] Created slice system-getty.slice.
[[0;32m  OK  [0m] Started Getty on tty1.
[[0;32m  OK  [0m] Reached target Login Prompts.
[[0;32m  OK  [0m] Started LSB: Record successful boot for GRUB.
[[0;32m  OK  [0m] Started Authorization Manager.
[[0;32m  OK  [0m] Started Accounts Service.
[[0;32m  OK  [0m] Started Virtualbox guest utils.
[[0;32m  OK  [0m] Started LXD - container startup/shutdown.
[[0;32m  OK  [0m] Started Dispatcher daemon for systemd-networkd.
[[0;32m  OK  [0m] Started Snap Daemon.
         Starting Wait until snapd is fully seeded...
         Starting Time & Date Service...
[[0;32m  OK  [0m] Started Time & Date Service.
[[0;32m  OK  [0m] Started Wait until snapd is fully seeded.
         Starting Apply the settings specified in cloud-config...
[[0;32m  OK  [0m] Started Pollinate to seed the pseudo random number generator.
         Starting OpenBSD Secure Shell server...
[[0;32m  OK  [0m] Started OpenBSD Secure Shell server.
[[0;32m  OK  [0m] Created slice User Slice of vagrant.
         Starting User Manager for UID 1000...
[[0;32m  OK  [0m] Started Session 1 of user vagrant.
[[0;32m  OK  [0m] Started User Manager for UID 1000.
[   29.477086] cloud-init[1494]: Cloud-init v. 23.1.2-0ubuntu0~18.04.1 running 'modules:config' at Sun, 14 Jul 2024 13:40:13 +0000. Up 28.47 seconds.
[[0;32m  OK  [0m] Started Apply the settings specified in cloud-config.
[[0;32m  OK  [0m] Reached target Multi-User System.
         Starting Execute cloud user/final scripts...
[[0;32m  OK  [0m] Reached target Graphical Interface.
         Starting Update UTMP about System Runlevel Changes...
[[0;32m  OK  [0m] Started Update UTMP about System Runlevel Changes.
ci-info: no authorized SSH keys fingerprints found for user ubuntu.
<14>Jul 14 13:40:15 cloud-init: #############################################################
<14>Jul 14 13:40:15 cloud-init: -----BEGIN SSH HOST KEY FINGERPRINTS-----
<14>Jul 14 13:40:15 cloud-init: 1024 SHA256:DhYVej2jhzYtlvZ52X+6WYCUJ78RqRiGTHhqcr0PgXw root@ubuntu-bionic (DSA)
<14>Jul 14 13:40:15 cloud-init: 256 SHA256:VYJ35rC3amtghC55BM7ewp3iWA12BG9BKexGr0oKM7k root@ubuntu-bionic (ECDSA)
<14>Jul 14 13:40:15 cloud-init: 256 SHA256:3v5CGlw5gx28wx2M3H5Ouq2OvtxQQDru7CDh4bWnbqQ root@ubuntu-bionic (ED25519)
<14>Jul 14 13:40:15 cloud-init: 2048 SHA256:/vb7iGpp1IaMIricPPQ5YrQvWZpMJgIejvof3bhqbJY root@ubuntu-bionic (RSA)
<14>Jul 14 13:40:15 cloud-init: -----END SSH HOST KEY FINGERPRINTS-----
<14>Jul 14 13:40:15 cloud-init: #############################################################
-----BEGIN SSH HOST KEY KEYS-----
ecdsa-sha2-nistp256 AAAAE2VjZHNhLXNoYTItbmlzdHAyNTYAAAAIbmlzdHAyNTYAAABBBMihcKEZVGq4shSAVyHj1YXOVzmcRxrErvKgCffbB1xfAQsQ4emddo8odBTWrPSX4aTCS6tVXP33gfqOMydrrmA= root@ubuntu-bionic
ssh-ed25519 AAAAC3NzaC1lZDI1NTE5AAAAIBqD+t4AFMMbDA36dpB2GC4iwEvmuRWSds8nrqyeiZ0T root@ubuntu-bionic
ssh-rsa AAAAB3NzaC1yc2EAAAADAQABAAABAQDFetSnzHreSdcIpfRxBiGNufZcfzDb6a7KGy2NVhGCG4c3Qbl72g+8/xlJbNwYCEu/3dUskO1Ii8KXS/8BZC/YD9jw7cEqtSwwQ588TvzFL5IQ8Ne2JzxGHJHe8mEMuIQlx0AOs2FSbG7YF5kmKl4Wfj0VnY3A4H4LNmghcDWoCNbTs5tF4AexhEf8CI74BUkh0m9mYYZvaAmRAZN1WxjM78/9QB21vk6DUB3qHgrlZU9ZGYxyL12C8faF8desb9+VNNEkgjtH8ylfm2QxLlNqaj5nmeAqD9bmInorkwPlQnLDScJO8dkkNx8+F+85rbqdTTWT8lHDQmrhQhc++6yP root@ubuntu-bionic
-----END SSH HOST KEY KEYS-----
[   30.291568] cloud-init[1629]: Cloud-init v. 23.1.2-0ubuntu0~18.04.1 running 'modules:final' at Sun, 14 Jul 2024 13:40:15 +0000. Up 29.98 seconds.
[   30.298938] cloud-init[1629]: Cloud-init v. 23.1.2-0ubuntu0~18.04.1 finished at Sun, 14 Jul 2024 13:40:15 +0000. Datasource DataSourceNoCloud [seed=/dev/sdb][dsmode=net].  Up 30.28 seconds
[[0;32m  OK  [0m] Started Execute cloud user/final scripts.
[[0;32m  OK  [0m] Reached target Cloud-init target.

Ubuntu 18.04.6 LTS ubuntu-bionic ttyS0

ubuntu-bionic login: 